// Jest Snapshot v1, https://goo.gl/fbAQLP

exports[`Cart component Cart renders correctly 1`] = `
<div>
  <div
    class="sc-fsQiph dRhvcl"
  >
    <div
      class="sc-qRumB dheAZg"
    >
      <em>
        There are no items in the cart
      </em>
    </div>
    <hr />
    <div
      class="sc-qRumB dheAZg"
    >
      <span>
        Subtotal
      </span>
      <span
        data-testid="subtotal"
      >
        $0.00
      </span>
    </div>
  </div>
</div>
`;
