// Jest Snapshot v1, https://goo.gl/fbAQLP

exports[`Home component Renders correctly 1`] = `
<div>
  <div
    class="sc-beqWaB kpwjKu"
  >
    <div
      class="sc-gueYoa ttHSZ"
    >
      <div>
        <p>
          The place to find all your MTG cards
        </p>
        <a
          href="/shop"
        >
          <button>
            Shop now
          </button>
        </a>
      </div>
    </div>
  </div>
</div>
`;
