// Jest Snapshot v1, https://goo.gl/fbAQLP

exports[`Shop component Renders correctly 1`] = `
<div>
  <div
    class="sc-dmqHEX iZZeSW"
  >
    <div>
      <input
        class="sc-eDDNvR eEqvGX"
        placeholder="Search Sets"
        type="search"
        value=""
      />
      <svg
        color="var(--grey)"
        fill="currentColor"
        height="1em"
        stroke="currentColor"
        stroke-width="0"
        viewBox="0 0 512 512"
        width="1em"
        xmlns="http://www.w3.org/2000/svg"
      >
        <path
          d="M505 442.7L405.3 343c-4.5-4.5-10.6-7-17-7H372c27.6-35.3 44-79.7 44-128C416 93.1 322.9 0 208 0S0 93.1 0 208s93.1 208 208 208c48.3 0 92.7-16.4 128-44v16.3c0 6.4 2.5 12.5 7 17l99.7 99.7c9.4 9.4 24.6 9.4 33.9 0l28.3-28.3c9.4-9.4 9.4-24.6.1-34zM208 336c-70.7 0-128-57.2-128-128 0-70.7 57.2-128 128-128 70.7 0 128 57.2 128 128 0 70.7-57.2 128-128 128z"
        />
      </svg>
      <aside
        class="sc-hLseeU gzEFlC"
      >
        <div
          data-simplebar="init"
          style="max-height: 80vh; width: 15vw;"
        >
          <div
            class="simplebar-wrapper"
          >
            <div
              class="simplebar-height-auto-observer-wrapper"
            >
              <div
                class="simplebar-height-auto-observer"
              />
            </div>
            <div
              class="simplebar-mask"
            >
              <div
                class="simplebar-offset"
                style="right: 0px; bottom: 0px;"
              >
                <div
                  aria-label="scrollable content"
                  class="simplebar-content-wrapper"
                  role="region"
                  style="height: auto; overflow-x: hidden; overflow-y: hidden;"
                  tabindex="0"
                >
                  <div
                    class="simplebar-content"
                  >
                    <span>
                      loading
                    </span>
                  </div>
                </div>
              </div>
            </div>
            <div
              class="simplebar-placeholder"
              style="width: 0px; height: 0px;"
            />
          </div>
          <div
            class="simplebar-track simplebar-horizontal"
            style="visibility: hidden;"
          >
            <div
              class="simplebar-scrollbar"
              style="width: 0px; display: none;"
            />
          </div>
          <div
            class="simplebar-track simplebar-vertical"
            style="visibility: hidden;"
          >
            <div
              class="simplebar-scrollbar"
              style="height: 0px; display: none;"
            />
          </div>
        </div>
      </aside>
    </div>
    <div
      class="sc-gueYoa cuLqIG"
    >
      <div
        class="sc-beqWaB gmIkbn"
      >
        <img
          alt="Liege of the Axe"
          src="http://gatherer.wizards.com/Handlers/Image.ashx?multiverseid=39603&type=card"
        />
        <ul>
          <li>
            <h3>
              Liege of the Axe
            </h3>
          </li>
          <li>
            <p>
              $1.20
            </p>
          </li>
        </ul>
        <div>
          <svg
            data-testid="remove-card"
            fill="none"
            height="25"
            stroke="currentColor"
            stroke-width="0"
            viewBox="0 0 24 24"
            width="25"
            xmlns="http://www.w3.org/2000/svg"
          >
            <path
              d="M8 11C7.44772 11 7 11.4477 7 12C7 12.5523 7.44772 13 8 13H16C16.5523 13 17 12.5523 17 12C17 11.4477 16.5523 11 16 11H8Z"
              fill="currentColor"
            />
            <path
              clip-rule="evenodd"
              d="M1 5C1 2.79086 2.79086 1 5 1H19C21.2091 1 23 2.79086 23 5V19C23 21.2091 21.2091 23 19 23H5C2.79086 23 1 21.2091 1 19V5ZM5 3H19C20.1046 3 21 3.89543 21 5V19C21 20.1046 20.1046 21 19 21H5C3.89543 21 3 20.1046 3 19V5C3 3.89543 3.89543 3 5 3Z"
              fill="currentColor"
              fill-rule="evenodd"
            />
          </svg>
          <input
            value="0"
          />
          <svg
            data-testid="add-card"
            fill="none"
            height="25"
            stroke="currentColor"
            stroke-width="0"
            viewBox="0 0 24 24"
            width="25"
            xmlns="http://www.w3.org/2000/svg"
          >
            <path
              d="M12 6C12.5523 6 13 6.44772 13 7V11H17C17.5523 11 18 11.4477 18 12C18 12.5523 17.5523 13 17 13H13V17C13 17.5523 12.5523 18 12 18C11.4477 18 11 17.5523 11 17V13H7C6.44772 13 6 12.5523 6 12C6 11.4477 6.44772 11 7 11H11V7C11 6.44772 11.4477 6 12 6Z"
              fill="currentColor"
            />
            <path
              clip-rule="evenodd"
              d="M5 22C3.34315 22 2 20.6569 2 19V5C2 3.34315 3.34315 2 5 2H19C20.6569 2 22 3.34315 22 5V19C22 20.6569 20.6569 22 19 22H5ZM4 19C4 19.5523 4.44772 20 5 20H19C19.5523 20 20 19.5523 20 19V5C20 4.44772 19.5523 4 19 4H5C4.44772 4 4 4.44772 4 5V19Z"
              fill="currentColor"
              fill-rule="evenodd"
            />
          </svg>
          <button
            data-img="http://gatherer.wizards.com/Handlers/Image.ashx?multiverseid=39603&type=card"
            data-name="Liege of the Axe"
            data-price="1.2"
          >
            Add to cart
          </button>
        </div>
      </div>
      <div
        class="sc-beqWaB gmIkbn"
      >
        <img
          alt="Goblin Dynamo"
          src="http://gatherer.wizards.com/Handlers/Image.ashx?multiverseid=42274&type=card"
        />
        <ul>
          <li>
            <h3>
              Goblin Dynamo
            </h3>
          </li>
          <li>
            <p>
              $1.20
            </p>
          </li>
        </ul>
        <div>
          <svg
            data-testid="remove-card"
            fill="none"
            height="25"
            stroke="currentColor"
            stroke-width="0"
            viewBox="0 0 24 24"
            width="25"
            xmlns="http://www.w3.org/2000/svg"
          >
            <path
              d="M8 11C7.44772 11 7 11.4477 7 12C7 12.5523 7.44772 13 8 13H16C16.5523 13 17 12.5523 17 12C17 11.4477 16.5523 11 16 11H8Z"
              fill="currentColor"
            />
            <path
              clip-rule="evenodd"
              d="M1 5C1 2.79086 2.79086 1 5 1H19C21.2091 1 23 2.79086 23 5V19C23 21.2091 21.2091 23 19 23H5C2.79086 23 1 21.2091 1 19V5ZM5 3H19C20.1046 3 21 3.89543 21 5V19C21 20.1046 20.1046 21 19 21H5C3.89543 21 3 20.1046 3 19V5C3 3.89543 3.89543 3 5 3Z"
              fill="currentColor"
              fill-rule="evenodd"
            />
          </svg>
          <input
            value="0"
          />
          <svg
            data-testid="add-card"
            fill="none"
            height="25"
            stroke="currentColor"
            stroke-width="0"
            viewBox="0 0 24 24"
            width="25"
            xmlns="http://www.w3.org/2000/svg"
          >
            <path
              d="M12 6C12.5523 6 13 6.44772 13 7V11H17C17.5523 11 18 11.4477 18 12C18 12.5523 17.5523 13 17 13H13V17C13 17.5523 12.5523 18 12 18C11.4477 18 11 17.5523 11 17V13H7C6.44772 13 6 12.5523 6 12C6 11.4477 6.44772 11 7 11H11V7C11 6.44772 11.4477 6 12 6Z"
              fill="currentColor"
            />
            <path
              clip-rule="evenodd"
              d="M5 22C3.34315 22 2 20.6569 2 19V5C2 3.34315 3.34315 2 5 2H19C20.6569 2 22 3.34315 22 5V19C22 20.6569 20.6569 22 19 22H5ZM4 19C4 19.5523 4.44772 20 5 20H19C19.5523 20 20 19.5523 20 19V5C20 4.44772 19.5523 4 19 4H5C4.44772 4 4 4.44772 4 5V19Z"
              fill="currentColor"
              fill-rule="evenodd"
            />
          </svg>
          <button
            data-img="http://gatherer.wizards.com/Handlers/Image.ashx?multiverseid=42274&type=card"
            data-name="Goblin Dynamo"
            data-price="1.2"
          >
            Add to cart
          </button>
        </div>
      </div>
      <div
        class="sc-beqWaB gmIkbn"
      >
        <img
          alt="Mistform Sliver"
          src="http://gatherer.wizards.com/Handlers/Image.ashx?multiverseid=42037&type=card"
        />
        <ul>
          <li>
            <h3>
              Mistform Sliver
            </h3>
          </li>
          <li>
            <p>
              $0.50
            </p>
          </li>
        </ul>
        <div>
          <svg
            data-testid="remove-card"
            fill="none"
            height="25"
            stroke="currentColor"
            stroke-width="0"
            viewBox="0 0 24 24"
            width="25"
            xmlns="http://www.w3.org/2000/svg"
          >
            <path
              d="M8 11C7.44772 11 7 11.4477 7 12C7 12.5523 7.44772 13 8 13H16C16.5523 13 17 12.5523 17 12C17 11.4477 16.5523 11 16 11H8Z"
              fill="currentColor"
            />
            <path
              clip-rule="evenodd"
              d="M1 5C1 2.79086 2.79086 1 5 1H19C21.2091 1 23 2.79086 23 5V19C23 21.2091 21.2091 23 19 23H5C2.79086 23 1 21.2091 1 19V5ZM5 3H19C20.1046 3 21 3.89543 21 5V19C21 20.1046 20.1046 21 19 21H5C3.89543 21 3 20.1046 3 19V5C3 3.89543 3.89543 3 5 3Z"
              fill="currentColor"
              fill-rule="evenodd"
            />
          </svg>
          <input
            value="0"
          />
          <svg
            data-testid="add-card"
            fill="none"
            height="25"
            stroke="currentColor"
            stroke-width="0"
            viewBox="0 0 24 24"
            width="25"
            xmlns="http://www.w3.org/2000/svg"
          >
            <path
              d="M12 6C12.5523 6 13 6.44772 13 7V11H17C17.5523 11 18 11.4477 18 12C18 12.5523 17.5523 13 17 13H13V17C13 17.5523 12.5523 18 12 18C11.4477 18 11 17.5523 11 17V13H7C6.44772 13 6 12.5523 6 12C6 11.4477 6.44772 11 7 11H11V7C11 6.44772 11.4477 6 12 6Z"
              fill="currentColor"
            />
            <path
              clip-rule="evenodd"
              d="M5 22C3.34315 22 2 20.6569 2 19V5C2 3.34315 3.34315 2 5 2H19C20.6569 2 22 3.34315 22 5V19C22 20.6569 20.6569 22 19 22H5ZM4 19C4 19.5523 4.44772 20 5 20H19C19.5523 20 20 19.5523 20 19V5C20 4.44772 19.5523 4 19 4H5C4.44772 4 4 4.44772 4 5V19Z"
              fill="currentColor"
              fill-rule="evenodd"
            />
          </svg>
          <button
            data-img="http://gatherer.wizards.com/Handlers/Image.ashx?multiverseid=42037&type=card"
            data-name="Mistform Sliver"
            data-price="0.5"
          >
            Add to cart
          </button>
        </div>
      </div>
      <div
        class="sc-beqWaB gmIkbn"
      >
        <img
          alt="Earthblighter"
          src="http://gatherer.wizards.com/Handlers/Image.ashx?multiverseid=42171&type=card"
        />
        <ul>
          <li>
            <h3>
              Earthblighter
            </h3>
          </li>
          <li>
            <p>
              $1.20
            </p>
          </li>
        </ul>
        <div>
          <svg
            data-testid="remove-card"
            fill="none"
            height="25"
            stroke="currentColor"
            stroke-width="0"
            viewBox="0 0 24 24"
            width="25"
            xmlns="http://www.w3.org/2000/svg"
          >
            <path
              d="M8 11C7.44772 11 7 11.4477 7 12C7 12.5523 7.44772 13 8 13H16C16.5523 13 17 12.5523 17 12C17 11.4477 16.5523 11 16 11H8Z"
              fill="currentColor"
            />
            <path
              clip-rule="evenodd"
              d="M1 5C1 2.79086 2.79086 1 5 1H19C21.2091 1 23 2.79086 23 5V19C23 21.2091 21.2091 23 19 23H5C2.79086 23 1 21.2091 1 19V5ZM5 3H19C20.1046 3 21 3.89543 21 5V19C21 20.1046 20.1046 21 19 21H5C3.89543 21 3 20.1046 3 19V5C3 3.89543 3.89543 3 5 3Z"
              fill="currentColor"
              fill-rule="evenodd"
            />
          </svg>
          <input
            value="0"
          />
          <svg
            data-testid="add-card"
            fill="none"
            height="25"
            stroke="currentColor"
            stroke-width="0"
            viewBox="0 0 24 24"
            width="25"
            xmlns="http://www.w3.org/2000/svg"
          >
            <path
              d="M12 6C12.5523 6 13 6.44772 13 7V11H17C17.5523 11 18 11.4477 18 12C18 12.5523 17.5523 13 17 13H13V17C13 17.5523 12.5523 18 12 18C11.4477 18 11 17.5523 11 17V13H7C6.44772 13 6 12.5523 6 12C6 11.4477 6.44772 11 7 11H11V7C11 6.44772 11.4477 6 12 6Z"
              fill="currentColor"
            />
            <path
              clip-rule="evenodd"
              d="M5 22C3.34315 22 2 20.6569 2 19V5C2 3.34315 3.34315 2 5 2H19C20.6569 2 22 3.34315 22 5V19C22 20.6569 20.6569 22 19 22H5ZM4 19C4 19.5523 4.44772 20 5 20H19C19.5523 20 20 19.5523 20 19V5C20 4.44772 19.5523 4 19 4H5C4.44772 4 4 4.44772 4 5V19Z"
              fill="currentColor"
              fill-rule="evenodd"
            />
          </svg>
          <button
            data-img="http://gatherer.wizards.com/Handlers/Image.ashx?multiverseid=42171&type=card"
            data-name="Earthblighter"
            data-price="1.2"
          >
            Add to cart
          </button>
        </div>
      </div>
      <div
        class="sc-beqWaB gmIkbn"
      >
        <img
          alt="Lowland Tracker"
          src="http://gatherer.wizards.com/Handlers/Image.ashx?multiverseid=45131&type=card"
        />
        <ul>
          <li>
            <h3>
              Lowland Tracker
            </h3>
          </li>
          <li>
            <p>
              $0.50
            </p>
          </li>
        </ul>
        <div>
          <svg
            data-testid="remove-card"
            fill="none"
            height="25"
            stroke="currentColor"
            stroke-width="0"
            viewBox="0 0 24 24"
            width="25"
            xmlns="http://www.w3.org/2000/svg"
          >
            <path
              d="M8 11C7.44772 11 7 11.4477 7 12C7 12.5523 7.44772 13 8 13H16C16.5523 13 17 12.5523 17 12C17 11.4477 16.5523 11 16 11H8Z"
              fill="currentColor"
            />
            <path
              clip-rule="evenodd"
              d="M1 5C1 2.79086 2.79086 1 5 1H19C21.2091 1 23 2.79086 23 5V19C23 21.2091 21.2091 23 19 23H5C2.79086 23 1 21.2091 1 19V5ZM5 3H19C20.1046 3 21 3.89543 21 5V19C21 20.1046 20.1046 21 19 21H5C3.89543 21 3 20.1046 3 19V5C3 3.89543 3.89543 3 5 3Z"
              fill="currentColor"
              fill-rule="evenodd"
            />
          </svg>
          <input
            value="0"
          />
          <svg
            data-testid="add-card"
            fill="none"
            height="25"
            stroke="currentColor"
            stroke-width="0"
            viewBox="0 0 24 24"
            width="25"
            xmlns="http://www.w3.org/2000/svg"
          >
            <path
              d="M12 6C12.5523 6 13 6.44772 13 7V11H17C17.5523 11 18 11.4477 18 12C18 12.5523 17.5523 13 17 13H13V17C13 17.5523 12.5523 18 12 18C11.4477 18 11 17.5523 11 17V13H7C6.44772 13 6 12.5523 6 12C6 11.4477 6.44772 11 7 11H11V7C11 6.44772 11.4477 6 12 6Z"
              fill="currentColor"
            />
            <path
              clip-rule="evenodd"
              d="M5 22C3.34315 22 2 20.6569 2 19V5C2 3.34315 3.34315 2 5 2H19C20.6569 2 22 3.34315 22 5V19C22 20.6569 20.6569 22 19 22H5ZM4 19C4 19.5523 4.44772 20 5 20H19C19.5523 20 20 19.5523 20 19V5C20 4.44772 19.5523 4 19 4H5C4.44772 4 4 4.44772 4 5V19Z"
              fill="currentColor"
              fill-rule="evenodd"
            />
          </svg>
          <button
            data-img="http://gatherer.wizards.com/Handlers/Image.ashx?multiverseid=45131&type=card"
            data-name="Lowland Tracker"
            data-price="0.5"
          >
            Add to cart
          </button>
        </div>
      </div>
      <div
        class="sc-beqWaB gmIkbn"
      >
        <img
          alt="Goblin Grappler"
          src="http://gatherer.wizards.com/Handlers/Image.ashx?multiverseid=45125&type=card"
        />
        <ul>
          <li>
            <h3>
              Goblin Grappler
            </h3>
          </li>
          <li>
            <p>
              $0.50
            </p>
          </li>
        </ul>
        <div>
          <svg
            data-testid="remove-card"
            fill="none"
            height="25"
            stroke="currentColor"
            stroke-width="0"
            viewBox="0 0 24 24"
            width="25"
            xmlns="http://www.w3.org/2000/svg"
          >
            <path
              d="M8 11C7.44772 11 7 11.4477 7 12C7 12.5523 7.44772 13 8 13H16C16.5523 13 17 12.5523 17 12C17 11.4477 16.5523 11 16 11H8Z"
              fill="currentColor"
            />
            <path
              clip-rule="evenodd"
              d="M1 5C1 2.79086 2.79086 1 5 1H19C21.2091 1 23 2.79086 23 5V19C23 21.2091 21.2091 23 19 23H5C2.79086 23 1 21.2091 1 19V5ZM5 3H19C20.1046 3 21 3.89543 21 5V19C21 20.1046 20.1046 21 19 21H5C3.89543 21 3 20.1046 3 19V5C3 3.89543 3.89543 3 5 3Z"
              fill="currentColor"
              fill-rule="evenodd"
            />
          </svg>
          <input
            value="0"
          />
          <svg
            data-testid="add-card"
            fill="none"
            height="25"
            stroke="currentColor"
            stroke-width="0"
            viewBox="0 0 24 24"
            width="25"
            xmlns="http://www.w3.org/2000/svg"
          >
            <path
              d="M12 6C12.5523 6 13 6.44772 13 7V11H17C17.5523 11 18 11.4477 18 12C18 12.5523 17.5523 13 17 13H13V17C13 17.5523 12.5523 18 12 18C11.4477 18 11 17.5523 11 17V13H7C6.44772 13 6 12.5523 6 12C6 11.4477 6.44772 11 7 11H11V7C11 6.44772 11.4477 6 12 6Z"
              fill="currentColor"
            />
            <path
              clip-rule="evenodd"
              d="M5 22C3.34315 22 2 20.6569 2 19V5C2 3.34315 3.34315 2 5 2H19C20.6569 2 22 3.34315 22 5V19C22 20.6569 20.6569 22 19 22H5ZM4 19C4 19.5523 4.44772 20 5 20H19C19.5523 20 20 19.5523 20 19V5C20 4.44772 19.5523 4 19 4H5C4.44772 4 4 4.44772 4 5V19Z"
              fill="currentColor"
              fill-rule="evenodd"
            />
          </svg>
          <button
            data-img="http://gatherer.wizards.com/Handlers/Image.ashx?multiverseid=45125&type=card"
            data-name="Goblin Grappler"
            data-price="0.5"
          >
            Add to cart
          </button>
        </div>
      </div>
      <div
        class="sc-beqWaB gmIkbn"
      >
        <img
          alt="Bloodstoke Howler"
          src="http://gatherer.wizards.com/Handlers/Image.ashx?multiverseid=44209&type=card"
        />
        <ul>
          <li>
            <h3>
              Bloodstoke Howler
            </h3>
          </li>
          <li>
            <p>
              $0.50
            </p>
          </li>
        </ul>
        <div>
          <svg
            data-testid="remove-card"
            fill="none"
            height="25"
            stroke="currentColor"
            stroke-width="0"
            viewBox="0 0 24 24"
            width="25"
            xmlns="http://www.w3.org/2000/svg"
          >
            <path
              d="M8 11C7.44772 11 7 11.4477 7 12C7 12.5523 7.44772 13 8 13H16C16.5523 13 17 12.5523 17 12C17 11.4477 16.5523 11 16 11H8Z"
              fill="currentColor"
            />
            <path
              clip-rule="evenodd"
              d="M1 5C1 2.79086 2.79086 1 5 1H19C21.2091 1 23 2.79086 23 5V19C23 21.2091 21.2091 23 19 23H5C2.79086 23 1 21.2091 1 19V5ZM5 3H19C20.1046 3 21 3.89543 21 5V19C21 20.1046 20.1046 21 19 21H5C3.89543 21 3 20.1046 3 19V5C3 3.89543 3.89543 3 5 3Z"
              fill="currentColor"
              fill-rule="evenodd"
            />
          </svg>
          <input
            value="0"
          />
          <svg
            data-testid="add-card"
            fill="none"
            height="25"
            stroke="currentColor"
            stroke-width="0"
            viewBox="0 0 24 24"
            width="25"
            xmlns="http://www.w3.org/2000/svg"
          >
            <path
              d="M12 6C12.5523 6 13 6.44772 13 7V11H17C17.5523 11 18 11.4477 18 12C18 12.5523 17.5523 13 17 13H13V17C13 17.5523 12.5523 18 12 18C11.4477 18 11 17.5523 11 17V13H7C6.44772 13 6 12.5523 6 12C6 11.4477 6.44772 11 7 11H11V7C11 6.44772 11.4477 6 12 6Z"
              fill="currentColor"
            />
            <path
              clip-rule="evenodd"
              d="M5 22C3.34315 22 2 20.6569 2 19V5C2 3.34315 3.34315 2 5 2H19C20.6569 2 22 3.34315 22 5V19C22 20.6569 20.6569 22 19 22H5ZM4 19C4 19.5523 4.44772 20 5 20H19C19.5523 20 20 19.5523 20 19V5C20 4.44772 19.5523 4 19 4H5C4.44772 4 4 4.44772 4 5V19Z"
              fill="currentColor"
              fill-rule="evenodd"
            />
          </svg>
          <button
            data-img="http://gatherer.wizards.com/Handlers/Image.ashx?multiverseid=44209&type=card"
            data-name="Bloodstoke Howler"
            data-price="0.5"
          >
            Add to cart
          </button>
        </div>
      </div>
      <div
        class="sc-beqWaB gmIkbn"
      >
        <img
          alt="Ward Sliver"
          src="http://gatherer.wizards.com/Handlers/Image.ashx?multiverseid=44296&type=card"
        />
        <ul>
          <li>
            <h3>
              Ward Sliver
            </h3>
          </li>
          <li>
            <p>
              $1.20
            </p>
          </li>
        </ul>
        <div>
          <svg
            data-testid="remove-card"
            fill="none"
            height="25"
            stroke="currentColor"
            stroke-width="0"
            viewBox="0 0 24 24"
            width="25"
            xmlns="http://www.w3.org/2000/svg"
          >
            <path
              d="M8 11C7.44772 11 7 11.4477 7 12C7 12.5523 7.44772 13 8 13H16C16.5523 13 17 12.5523 17 12C17 11.4477 16.5523 11 16 11H8Z"
              fill="currentColor"
            />
            <path
              clip-rule="evenodd"
              d="M1 5C1 2.79086 2.79086 1 5 1H19C21.2091 1 23 2.79086 23 5V19C23 21.2091 21.2091 23 19 23H5C2.79086 23 1 21.2091 1 19V5ZM5 3H19C20.1046 3 21 3.89543 21 5V19C21 20.1046 20.1046 21 19 21H5C3.89543 21 3 20.1046 3 19V5C3 3.89543 3.89543 3 5 3Z"
              fill="currentColor"
              fill-rule="evenodd"
            />
          </svg>
          <input
            value="0"
          />
          <svg
            data-testid="add-card"
            fill="none"
            height="25"
            stroke="currentColor"
            stroke-width="0"
            viewBox="0 0 24 24"
            width="25"
            xmlns="http://www.w3.org/2000/svg"
          >
            <path
              d="M12 6C12.5523 6 13 6.44772 13 7V11H17C17.5523 11 18 11.4477 18 12C18 12.5523 17.5523 13 17 13H13V17C13 17.5523 12.5523 18 12 18C11.4477 18 11 17.5523 11 17V13H7C6.44772 13 6 12.5523 6 12C6 11.4477 6.44772 11 7 11H11V7C11 6.44772 11.4477 6 12 6Z"
              fill="currentColor"
            />
            <path
              clip-rule="evenodd"
              d="M5 22C3.34315 22 2 20.6569 2 19V5C2 3.34315 3.34315 2 5 2H19C20.6569 2 22 3.34315 22 5V19C22 20.6569 20.6569 22 19 22H5ZM4 19C4 19.5523 4.44772 20 5 20H19C19.5523 20 20 19.5523 20 19V5C20 4.44772 19.5523 4 19 4H5C4.44772 4 4 4.44772 4 5V19Z"
              fill="currentColor"
              fill-rule="evenodd"
            />
          </svg>
          <button
            data-img="http://gatherer.wizards.com/Handlers/Image.ashx?multiverseid=44296&type=card"
            data-name="Ward Sliver"
            data-price="1.2"
          >
            Add to cart
          </button>
        </div>
      </div>
      <div
        class="sc-beqWaB gmIkbn"
      >
        <img
          alt="Hunter Sliver"
          src="http://gatherer.wizards.com/Handlers/Image.ashx?multiverseid=44772&type=card"
        />
        <ul>
          <li>
            <h3>
              Hunter Sliver
            </h3>
          </li>
          <li>
            <p>
              $0.50
            </p>
          </li>
        </ul>
        <div>
          <svg
            data-testid="remove-card"
            fill="none"
            height="25"
            stroke="currentColor"
            stroke-width="0"
            viewBox="0 0 24 24"
            width="25"
            xmlns="http://www.w3.org/2000/svg"
          >
            <path
              d="M8 11C7.44772 11 7 11.4477 7 12C7 12.5523 7.44772 13 8 13H16C16.5523 13 17 12.5523 17 12C17 11.4477 16.5523 11 16 11H8Z"
              fill="currentColor"
            />
            <path
              clip-rule="evenodd"
              d="M1 5C1 2.79086 2.79086 1 5 1H19C21.2091 1 23 2.79086 23 5V19C23 21.2091 21.2091 23 19 23H5C2.79086 23 1 21.2091 1 19V5ZM5 3H19C20.1046 3 21 3.89543 21 5V19C21 20.1046 20.1046 21 19 21H5C3.89543 21 3 20.1046 3 19V5C3 3.89543 3.89543 3 5 3Z"
              fill="currentColor"
              fill-rule="evenodd"
            />
          </svg>
          <input
            value="0"
          />
          <svg
            data-testid="add-card"
            fill="none"
            height="25"
            stroke="currentColor"
            stroke-width="0"
            viewBox="0 0 24 24"
            width="25"
            xmlns="http://www.w3.org/2000/svg"
          >
            <path
              d="M12 6C12.5523 6 13 6.44772 13 7V11H17C17.5523 11 18 11.4477 18 12C18 12.5523 17.5523 13 17 13H13V17C13 17.5523 12.5523 18 12 18C11.4477 18 11 17.5523 11 17V13H7C6.44772 13 6 12.5523 6 12C6 11.4477 6.44772 11 7 11H11V7C11 6.44772 11.4477 6 12 6Z"
              fill="currentColor"
            />
            <path
              clip-rule="evenodd"
              d="M5 22C3.34315 22 2 20.6569 2 19V5C2 3.34315 3.34315 2 5 2H19C20.6569 2 22 3.34315 22 5V19C22 20.6569 20.6569 22 19 22H5ZM4 19C4 19.5523 4.44772 20 5 20H19C19.5523 20 20 19.5523 20 19V5C20 4.44772 19.5523 4 19 4H5C4.44772 4 4 4.44772 4 5V19Z"
              fill="currentColor"
              fill-rule="evenodd"
            />
          </svg>
          <button
            data-img="http://gatherer.wizards.com/Handlers/Image.ashx?multiverseid=44772&type=card"
            data-name="Hunter Sliver"
            data-price="0.5"
          >
            Add to cart
          </button>
        </div>
      </div>
      <div
        class="sc-beqWaB gmIkbn"
      >
        <img
          alt="Beacon of Destiny"
          src="http://gatherer.wizards.com/Handlers/Image.ashx?multiverseid=44496&type=card"
        />
        <ul>
          <li>
            <h3>
              Beacon of Destiny
            </h3>
          </li>
          <li>
            <p>
              $3.00
            </p>
          </li>
        </ul>
        <div>
          <svg
            data-testid="remove-card"
            fill="none"
            height="25"
            stroke="currentColor"
            stroke-width="0"
            viewBox="0 0 24 24"
            width="25"
            xmlns="http://www.w3.org/2000/svg"
          >
            <path
              d="M8 11C7.44772 11 7 11.4477 7 12C7 12.5523 7.44772 13 8 13H16C16.5523 13 17 12.5523 17 12C17 11.4477 16.5523 11 16 11H8Z"
              fill="currentColor"
            />
            <path
              clip-rule="evenodd"
              d="M1 5C1 2.79086 2.79086 1 5 1H19C21.2091 1 23 2.79086 23 5V19C23 21.2091 21.2091 23 19 23H5C2.79086 23 1 21.2091 1 19V5ZM5 3H19C20.1046 3 21 3.89543 21 5V19C21 20.1046 20.1046 21 19 21H5C3.89543 21 3 20.1046 3 19V5C3 3.89543 3.89543 3 5 3Z"
              fill="currentColor"
              fill-rule="evenodd"
            />
          </svg>
          <input
            value="0"
          />
          <svg
            data-testid="add-card"
            fill="none"
            height="25"
            stroke="currentColor"
            stroke-width="0"
            viewBox="0 0 24 24"
            width="25"
            xmlns="http://www.w3.org/2000/svg"
          >
            <path
              d="M12 6C12.5523 6 13 6.44772 13 7V11H17C17.5523 11 18 11.4477 18 12C18 12.5523 17.5523 13 17 13H13V17C13 17.5523 12.5523 18 12 18C11.4477 18 11 17.5523 11 17V13H7C6.44772 13 6 12.5523 6 12C6 11.4477 6.44772 11 7 11H11V7C11 6.44772 11.4477 6 12 6Z"
              fill="currentColor"
            />
            <path
              clip-rule="evenodd"
              d="M5 22C3.34315 22 2 20.6569 2 19V5C2 3.34315 3.34315 2 5 2H19C20.6569 2 22 3.34315 22 5V19C22 20.6569 20.6569 22 19 22H5ZM4 19C4 19.5523 4.44772 20 5 20H19C19.5523 20 20 19.5523 20 19V5C20 4.44772 19.5523 4 19 4H5C4.44772 4 4 4.44772 4 5V19Z"
              fill="currentColor"
              fill-rule="evenodd"
            />
          </svg>
          <button
            data-img="http://gatherer.wizards.com/Handlers/Image.ashx?multiverseid=44496&type=card"
            data-name="Beacon of Destiny"
            data-price="3"
          >
            Add to cart
          </button>
        </div>
      </div>
      <div
        class="sc-beqWaB gmIkbn"
      >
        <img
          alt="Mistform Seaswift"
          src="http://gatherer.wizards.com/Handlers/Image.ashx?multiverseid=43721&type=card"
        />
        <ul>
          <li>
            <h3>
              Mistform Seaswift
            </h3>
          </li>
          <li>
            <p>
              $0.50
            </p>
          </li>
        </ul>
        <div>
          <svg
            data-testid="remove-card"
            fill="none"
            height="25"
            stroke="currentColor"
            stroke-width="0"
            viewBox="0 0 24 24"
            width="25"
            xmlns="http://www.w3.org/2000/svg"
          >
            <path
              d="M8 11C7.44772 11 7 11.4477 7 12C7 12.5523 7.44772 13 8 13H16C16.5523 13 17 12.5523 17 12C17 11.4477 16.5523 11 16 11H8Z"
              fill="currentColor"
            />
            <path
              clip-rule="evenodd"
              d="M1 5C1 2.79086 2.79086 1 5 1H19C21.2091 1 23 2.79086 23 5V19C23 21.2091 21.2091 23 19 23H5C2.79086 23 1 21.2091 1 19V5ZM5 3H19C20.1046 3 21 3.89543 21 5V19C21 20.1046 20.1046 21 19 21H5C3.89543 21 3 20.1046 3 19V5C3 3.89543 3.89543 3 5 3Z"
              fill="currentColor"
              fill-rule="evenodd"
            />
          </svg>
          <input
            value="0"
          />
          <svg
            data-testid="add-card"
            fill="none"
            height="25"
            stroke="currentColor"
            stroke-width="0"
            viewBox="0 0 24 24"
            width="25"
            xmlns="http://www.w3.org/2000/svg"
          >
            <path
              d="M12 6C12.5523 6 13 6.44772 13 7V11H17C17.5523 11 18 11.4477 18 12C18 12.5523 17.5523 13 17 13H13V17C13 17.5523 12.5523 18 12 18C11.4477 18 11 17.5523 11 17V13H7C6.44772 13 6 12.5523 6 12C6 11.4477 6.44772 11 7 11H11V7C11 6.44772 11.4477 6 12 6Z"
              fill="currentColor"
            />
            <path
              clip-rule="evenodd"
              d="M5 22C3.34315 22 2 20.6569 2 19V5C2 3.34315 3.34315 2 5 2H19C20.6569 2 22 3.34315 22 5V19C22 20.6569 20.6569 22 19 22H5ZM4 19C4 19.5523 4.44772 20 5 20H19C19.5523 20 20 19.5523 20 19V5C20 4.44772 19.5523 4 19 4H5C4.44772 4 4 4.44772 4 5V19Z"
              fill="currentColor"
              fill-rule="evenodd"
            />
          </svg>
          <button
            data-img="http://gatherer.wizards.com/Handlers/Image.ashx?multiverseid=43721&type=card"
            data-name="Mistform Seaswift"
            data-price="0.5"
          >
            Add to cart
          </button>
        </div>
      </div>
      <div
        class="sc-beqWaB gmIkbn"
      >
        <img
          alt="Cloudreach Cavalry"
          src="http://gatherer.wizards.com/Handlers/Image.ashx?multiverseid=45839&type=card"
        />
        <ul>
          <li>
            <h3>
              Cloudreach Cavalry
            </h3>
          </li>
          <li>
            <p>
              $1.20
            </p>
          </li>
        </ul>
        <div>
          <svg
            data-testid="remove-card"
            fill="none"
            height="25"
            stroke="currentColor"
            stroke-width="0"
            viewBox="0 0 24 24"
            width="25"
            xmlns="http://www.w3.org/2000/svg"
          >
            <path
              d="M8 11C7.44772 11 7 11.4477 7 12C7 12.5523 7.44772 13 8 13H16C16.5523 13 17 12.5523 17 12C17 11.4477 16.5523 11 16 11H8Z"
              fill="currentColor"
            />
            <path
              clip-rule="evenodd"
              d="M1 5C1 2.79086 2.79086 1 5 1H19C21.2091 1 23 2.79086 23 5V19C23 21.2091 21.2091 23 19 23H5C2.79086 23 1 21.2091 1 19V5ZM5 3H19C20.1046 3 21 3.89543 21 5V19C21 20.1046 20.1046 21 19 21H5C3.89543 21 3 20.1046 3 19V5C3 3.89543 3.89543 3 5 3Z"
              fill="currentColor"
              fill-rule="evenodd"
            />
          </svg>
          <input
            value="0"
          />
          <svg
            data-testid="add-card"
            fill="none"
            height="25"
            stroke="currentColor"
            stroke-width="0"
            viewBox="0 0 24 24"
            width="25"
            xmlns="http://www.w3.org/2000/svg"
          >
            <path
              d="M12 6C12.5523 6 13 6.44772 13 7V11H17C17.5523 11 18 11.4477 18 12C18 12.5523 17.5523 13 17 13H13V17C13 17.5523 12.5523 18 12 18C11.4477 18 11 17.5523 11 17V13H7C6.44772 13 6 12.5523 6 12C6 11.4477 6.44772 11 7 11H11V7C11 6.44772 11.4477 6 12 6Z"
              fill="currentColor"
            />
            <path
              clip-rule="evenodd"
              d="M5 22C3.34315 22 2 20.6569 2 19V5C2 3.34315 3.34315 2 5 2H19C20.6569 2 22 3.34315 22 5V19C22 20.6569 20.6569 22 19 22H5ZM4 19C4 19.5523 4.44772 20 5 20H19C19.5523 20 20 19.5523 20 19V5C20 4.44772 19.5523 4 19 4H5C4.44772 4 4 4.44772 4 5V19Z"
              fill="currentColor"
              fill-rule="evenodd"
            />
          </svg>
          <button
            data-img="http://gatherer.wizards.com/Handlers/Image.ashx?multiverseid=45839&type=card"
            data-name="Cloudreach Cavalry"
            data-price="1.2"
          >
            Add to cart
          </button>
        </div>
      </div>
    </div>
  </div>
</div>
`;
